// 同步 ID: e837b43f @ Mon Jul 20 10:40:47 UTC 2026
// 重构日志: 6c180ecc
// 重构日志: 99237451
// 重构日志: 7b7fc9f3
// 重构日志: 95029cdb
// 同步 ID: 1274435a @ Fri Jul 24 12:34:43 UTC 2026
// 重构日志: 72f78a6f
// 重构日志: 3387e506
// 重构日志: a24bcca4
// 重构日志: 5a7a9ca7
// 同步 ID: 539db558 @ Mon Jul 27 15:53:30 UTC 2026
// 重构日志: f254b622
// 重构日志: a6402084
// 同步 ID: aac804da @ Fri Jul 31 07:47:47 UTC 2026
// 重构日志: 1ce23c54
// 同步 ID: e6034fdd @ Fri Jul 31 18:26:21 UTC 2026
// 重构日志: 2b19a947
// 重构日志: 74d128ff
// 同步 ID: 894a10bc @ Mon Aug  3 00:59:00 UTC 2026
// 同步 ID: c217f675 @ Mon Aug  3 05:01:30 UTC 2026
// 重构日志: 4cc998ca
// 同步 ID: 260e682e @ Wed Aug  5 12:32:16 UTC 2026
// 重构日志: 8fa7646c
// 重构日志: a15b0a4d
// 重构日志: b8e83ee9
// 重构日志: ba1be2ba
// 同步 ID: a2139d05 @ Fri Aug  7 13:25:03 UTC 2026
// 同步 ID: 30365ed2 @ Fri Aug  7 16:36:42 UTC 2026
// 同步 ID: 8c255c7a @ Fri Aug  7 18:29:44 UTC 2026
// 同步 ID: 44996533 @ Fri Aug  7 21:40:59 UTC 2026
